--- NSTextRange
empty: isEmpty=1 location=3 endLocation=3
a=0..10 b=5..15 c=20..25 d=0..5
a containsLocation 0=1 5=1 10=0 11=0
empty containsLocation 3=0
a containsRange d=1 c=0 a=1 empty=1
a intersects b=1 c=0 d=1 empty=0
a intersect b=5...10
a intersect c=(nil)
a union b=0...15
a union c=0...25
a union empty=0...10
empty union a=0...10
a isEqualToTextRange a=1 b=0 nil=0
a == a (isEqual:)=1  a == an equal range=1
a description=0...10
empty description=3...3
responds to copyWithZone=0 isEqual=1 hash=1
hash equal for equal ranges=0
endLocation of an empty range is the location itself=1
a isKindOfClass NSTextRange=1 superclass=NSObject
[a copy]: NSInvalidArgumentException: -[NSTextRange copyWithZone:]: unrecognized selector sent to instance 0x10148ba60
two locations with the same offset are equal=1
--- NSTextSelection
one: ranges=(
    "0...5"
) affinity=1 granularity=0 transient=0 logical=0 anchor=0 typing=(nil)
one description=NSTextSelection:<0x1014799e0> granularity=character, affinity=downstream, textRanges=(
    "0...5"
)
messy: ranges=(
    "20...25",
    "0...10",
    "5...15"
)
touching: ranges=(
    "0...5",
    "5...10"
)
none: ranges=(
) count=0
cursor: ranges=(
    "4...4"
) granularity=0
one after a secondary location: logical=0 secondary=8
one after setting logical back: logical=1
one with new ranges: ranges=(
    "1...2"
) affinity=1 logical=1 secondary=8 transient=0 typing={
}
one is unchanged: ranges=(
    "0...5"
) logical=1
one.transient is settable=1
one after transient/offset/typing: transient=0 anchor=1.5 typing={
    NSFont = "\".SFNS-Regular 12.00 pt. P [] (0x7a9eca0000) fobj=0x7a9eca0000, spc=3.63\"";
}
copied: transient=0 anchor=1.5 typing={
    NSFont = "\".SFNS-Regular 12.00 pt. P [] (0x7a9eca0000) fobj=0x7a9eca0000, spc=3.63\"";
}
supportsSecureCoding=1
a range that is not an NSTextRange: no raise
coded: (nil) error=Error Domain=NSCocoaErrorDomain Code=4866 "The data couldn’t be written because it isn’t in the correct format." UserInfo={NSUnderlyingError=0x7a9ec20ff0 {Error Domain=NSCocoaErrorDomain Code=4864 "This decoder will only decode classes that adopt NSSecureCoding. Class 'NSTextRange' does not adopt it." UserInfo={NSDebugDescription=This decoder will only decode classes that adopt NSSecureCoding. Class 'NSTextRange' does not adopt it.}}}
archive keys=
--- NSTextElement and NSTextParagraph
plain: length=5 isRepresentedElement=1 content=(nil) separator=(nil)
with newline: content=(null) separator=(null)
with CRLF: content=(null) separator=(null)
just a newline: content=(null) separator=(null)
nil string: attributedString=(null) content=(nil) separator=(nil) isRepresentedElement=1
empty string: content=(nil) separator=(nil)
plain childElements=(
) parentElement=(nil) textContentManager=(nil)
base element: childElements=(
) parentElement=(nil) isRepresentedElement=1 range=(nil)
base element with a range: range=0...6 description=<NSTextElement: 0x7a9f08d820>
paragraph description=<NSTextParagraph: 0x7a9f404500 "Hello">
Hello: content=(nil) separator=(nil)
Hello<LF>: content=(nil) separator=(nil)
Hello<CR><LF>: content=(nil) separator=(nil)
<LF>: content=(nil) separator=(nil)
a<LF>b: content=(nil) separator=(nil)
